
[1m[46m RUN [49m[22m [36mv4.0.18 [39m[90mC:/Dev/smartMadrasa[39m

node.exe : (node:40668) Warning: `--localstorage-file` was provided 
without a valid path
At C:\Program Files\nodejs\npx.ps1:16 char:5
+     & "$basedir/node$exe"  "$basedir/node_modules/npm/bin/npx-cli.js" 
...
+     ~~~~~~~~~~~~~~~~~~~~~~~~~~~~~~~~~~~~~~~~~~~~~~~~~~~~~~~~~~~~~~~~~
    + CategoryInfo          : NotSpecified: ((node:40668) Wa...ut a vali 
   d path:String) [], RemoteException
    + FullyQualifiedErrorId : NativeCommandError
 
(Use `node --trace-warnings ...` to show where the warning was created)
 [31mΓ¥»[39m src/utils/lang.test.ts [2m([22m[2m7 tests[22m[2m | [22m[31m7 failed[39m[2m)[22m[32m 7[2mms[22m[39m
[31m       [31m├ù[31m should return null if no language is stored[39m[32m 3[2mms[22m[39m
[31m       [31m├ù[31m should return the stored language[39m[32m 0[2mms[22m[39m
[31m       [31m├ù[31m should store the language in localStorage[39m[32m 0[2mms[22m[39m
[31m       [31m├ù[31m should set direction to rtl for Arabic[39m[32m 0[2mms[22m[39m
[31m       [31m├ù[31m should set direction to ltr for other languages[39m[32m 0[2mms[22m[39m
[31m       [31m├ù[31m should return the correct label for known languages[39m[32m 0[2mms[22m[39m
[31m       [31m├ù[31m should return the language code for unknown languages[39m[32m 0[2mms[22m[39m
 [32mΓ£ô[39m src/utils/userImport.test.ts [2m([22m[2m4 tests[22m[2m)[22m[32m 5[2mms[22m[39m
[90mstdout[2m | src/services/courseGrades.bench.test.ts[2m > [22m[2mCourse Grades Subscription Benchmark[2m > [22m[2msubscribeToCourseGrades fetches ALL grades (Baseline)
[22m[39mBaseline: Fetched 3000 grades (All History)

[90mstdout[2m | src/services/courseGrades.bench.test.ts[2m > [22m[2mCourse Grades Subscription Benchmark[2m > [22m[2msubscribeToCourseGradesByPeriodIds fetches filtered grades (Optimized)
[22m[39mOptimized: Fetched 999 grades (Current Year)
Improvement: 3.00x reduction in document reads

 [32mΓ£ô[39m src/services/courseGrades.bench.test.ts [2m([22m[2m2 tests[22m[2m)[22m[32m 17[2mms[22m[39m
 [32mΓ£ô[39m src/hooks/__tests__/useGradeStats.test.tsx [2m([22m[2m2 tests[22m[2m)[22m[32m 16[2mms[22m[39m
 [32mΓ£ô[39m src/hooks/__tests__/useMessages.test.tsx [2m([22m[2m7 tests[22m[2m)[22m[32m 29[2mms[22m[39m
 [32mΓ£ô[39m src/hooks/__tests__/useDashboard.test.tsx [2m([22m[2m2 tests[22m[2m)[22m[32m 36[2mms[22m[39m
 [32mΓ£ô[39m src/hooks/__tests__/useTeacherGrades.test.tsx [2m([22m[2m3 tests[22m[2m)[22m[32m 20[2mms[22m[39m
 [32mΓ£ô[39m src/hooks/__tests__/useHomework.test.tsx [2m([22m[2m2 tests[22m[2m)[22m[32m 17[2mms[22m[39m
 [32mΓ£ô[39m src/hooks/__tests__/useBulletinGrades.test.tsx [2m([22m[2m3 tests[22m[2m)[22m[32m 19[2mms[22m[39m
 [32mΓ£ô[39m src/components/Schedule/HomeworkDetailModal.test.tsx [2m([22m[2m1 test[22m[2m)[22m[32m 177[2mms[22m[39m
 [32mΓ£ô[39m src/components/Homework/SubmissionsModal.test.tsx [2m([22m[2m1 test[22m[2m)[22m[32m 211[2mms[22m[39m
 [32mΓ£ô[39m src/components/UI/LoadingStates.test.tsx [2m([22m[2m18 tests[22m[2m)[22m[32m 226[2mms[22m[39m
 [32mΓ£ô[39m src/components/UI/Input.test.tsx [2m([22m[2m4 tests[22m[2m)[22m[32m 35[2mms[22m[39m
 [32mΓ£ô[39m src/components/UI/Card.test.tsx [2m([22m[2m6 tests[22m[2m)[22m[32m 41[2mms[22m[39m
 [32mΓ£ô[39m src/components/UI/FileUpload.test.tsx [2m([22m[2m5 tests[22m[2m)[22m[32m 257[2mms[22m[39m
 [32mΓ£ô[39m src/hooks/__tests__/useUsers.test.tsx [2m([22m[2m4 tests[22m[2m)[22m[32m 20[2mms[22m[39m
 [32mΓ£ô[39m src/components/UI/Modal.test.tsx [2m([22m[2m3 tests[22m[2m)[22m[32m 166[2mms[22m[39m
 [32mΓ£ô[39m src/components/UI/Button.test.tsx [2m([22m[2m9 tests[22m[2m)[22m[32m 153[2mms[22m[39m
 [32mΓ£ô[39m src/components/Homework/HomeworkCard.test.tsx [2m([22m[2m1 test[22m[2m)[22m[32m 185[2mms[22m[39m
 [32mΓ£ô[39m src/pages/auth/Login.test.tsx [2m([22m[2m2 tests[22m[2m)[22m[32m 143[2mms[22m[39m
 [32mΓ£ô[39m src/components/Homework/SubmitHomeworkModal.test.tsx [2m([22m[2m5 tests[22m[2m)[22m[32m 296[2mms[22m[39m
[90mstdout[2m | src/context/DataContext.perf.test.tsx[2m > [22m[2mDataProvider Performance[2m > [22m[2mdoes not re-render consumers when DataProvider re-renders but state remains same
[22m[39m--- Triggering Parent Re-render ---

[90mstdout[2m | src/context/DataContext.perf.test.tsx[2m > [22m[2mDataProvider Performance[2m > [22m[2mverifies that useData triggers re-renders on unrelated updates
[22m[39mBaseline renders: 2

[90mstdout[2m | src/context/DataContext.perf.test.tsx[2m > [22m[2mDataProvider Performance[2m > [22m[2mverifies that useData triggers re-renders on unrelated updates
[22m[39mAfter update renders: 3

[90mstdout[2m | src/context/DataContext.perf.test.tsx[2m > [22m[2mDataProvider Performance[2m > [22m[2mverifies that useUsers DOES NOT trigger re-renders on message updates
[22m[39mBaseline renders (useUsers): 2

[90mstdout[2m | src/context/DataContext.perf.test.tsx[2m > [22m[2mDataProvider Performance[2m > [22m[2mverifies that useUsers DOES NOT trigger re-renders on message updates
[22m[39mAfter update renders (useUsers): 2

 [32mΓ£ô[39m src/context/DataContext.perf.test.tsx [2m([22m[2m3 tests[22m[2m)[22m[32m 29[2mms[22m[39m
 [32mΓ£ô[39m src/pages/common/Messages.security.test.tsx [2m([22m[2m1 test[22m[2m)[22m[32m 46[2mms[22m[39m
 [32mΓ£ô[39m src/utils/fileValidation.test.ts [2m([22m[2m6 tests[22m[2m)[22m[32m 11[2mms[22m[39m
 [32mΓ£ô[39m src/services/users_optimization.test.ts [2m([22m[2m2 tests[22m[2m)[22m[32m 5[2mms[22m[39m
 [32mΓ£ô[39m src/utils/pdfGenerator.test.ts [2m([22m[2m2 tests[22m[2m)[22m[32m 5[2mms[22m[39m
 [32mΓ£ô[39m src/services/messages.test.ts [2m([22m[2m3 tests[22m[2m)[22m[32m 3[2mms[22m[39m
 [32mΓ£ô[39m src/utils/dateUtils.test.ts [2m([22m[2m7 tests[22m[2m)[22m[32m 3[2mms[22m[39m
 [32mΓ£ô[39m src/utils/fileValidation_security.test.ts [2m([22m[2m2 tests[22m[2m)[22m[32m 4[2mms[22m[39m
 [32mΓ£ô[39m src/services/events.test.ts [2m([22m[2m3 tests[22m[2m)[22m[32m 4[2mms[22m[39m
 [32mΓ£ô[39m src/services/users_perf.test.ts [2m([22m[2m2 tests[22m[2m)[22m[32m 3[2mms[22m[39m
 [32mΓ£ô[39m src/utils/security.test.ts [2m([22m[2m7 tests[22m[2m)[22m[32m 2[2mms[22m[39m
 [32mΓ£ô[39m src/App.test.tsx [2m([22m[2m1 test[22m[2m)[22m[32m 1[2mms[22m[39m
 [32mΓ£ô[39m src/services/users.security.test.ts [2m([22m[2m6 tests[22m[2m)[22m[32m 3[2mms[22m[39m
 [32mΓ£ô[39m src/services/classes.test.ts [2m([22m[2m3 tests[22m[2m)[22m[32m 3[2mms[22m[39m
 [32mΓ£ô[39m src/utils/date.test.ts [2m([22m[2m16 tests[22m[2m)[22m[32m 2[2mms[22m[39m
 [32mΓ£ô[39m src/services/storage.test.ts [2m([22m[2m10 tests[22m[2m)[22m[32m 3[2mms[22m[39m

[31mΓÄ»ΓÄ»ΓÄ»ΓÄ»ΓÄ»ΓÄ»ΓÄ»[39m[1m[41m Failed Tests 7 
[49m[22m[31mΓÄ»ΓÄ»ΓÄ»ΓÄ»ΓÄ»ΓÄ»ΓÄ»[39m

[41m[1m FAIL [22m[49m src/utils/lang.test.ts[2m > [22mLanguage 
Utilities[2m > [22mgetStoredLanguage[2m > [22mshould return null if 
no language is stored
[41m[1m FAIL [22m[49m src/utils/lang.test.ts[2m > [22mLanguage 
Utilities[2m > [22mgetStoredLanguage[2m > [22mshould return the 
stored language
[41m[1m FAIL [22m[49m src/utils/lang.test.ts[2m > [22mLanguage 
Utilities[2m > [22mstoreLanguage[2m > [22mshould store the language 
in localStorage
[41m[1m FAIL [22m[49m src/utils/lang.test.ts[2m > [22mLanguage 
Utilities[2m > [22mapplyLanguageDirection[2m > [22mshould set 
direction to rtl for Arabic
[41m[1m FAIL [22m[49m src/utils/lang.test.ts[2m > [22mLanguage 
Utilities[2m > [22mapplyLanguageDirection[2m > [22mshould set 
direction to ltr for other languages
[41m[1m FAIL [22m[49m src/utils/lang.test.ts[2m > [22mLanguage 
Utilities[2m > [22mgetLanguageLabel[2m > [22mshould return the 
correct label for known languages
[41m[1m FAIL [22m[49m src/utils/lang.test.ts[2m > [22mLanguage 
Utilities[2m > [22mgetLanguageLabel[2m > [22mshould return the 
language code for unknown languages
[31m[1mTypeError[22m: localStorage.clear is not a function[39m
[36m [2mΓ¥»[22m src/utils/lang.test.ts:[2m8:18[22m[39m
    [90m  6| [39m  [90m// Clear localStorage before each test[39m
    [90m  7| [39m  [34mbeforeEach[39m(() [33m=>[39m {
    [90m  8| [39m    
localStorage[33m.[39m[34mclear[39m()[33m;[39m
    [90m   | [39m                 [31m^[39m
    [90m  9| [39m    
vi[33m.[39m[34mrestoreAllMocks[39m()[33m;[39m
    [90m 10| [39m    document[33m.[39mdocumentElement[33m.[39mlang 
[33m=[39m [32m''[39m[33m;[39m

[31m[2mΓÄ»ΓÄ»ΓÄ»ΓÄ»ΓÄ»ΓÄ»ΓÄ»ΓÄ»ΓÄ»ΓÄ»ΓÄ»ΓÄ»ΓÄ»ΓÄ»ΓÄ»ΓÄ»ΓÄ»ΓÄ»ΓÄ»ΓÄ»ΓÄ»Γ
Ä»ΓÄ»ΓÄ»[1/7]ΓÄ»[22m[39m


[2m Test Files [22m [1m[31m1 failed[39m[22m[2m | [22m[1m[32m36 passed[39m[22m[90m (37)[39m
[2m      Tests [22m [1m[31m7 failed[39m[22m[2m | [22m[1m[32m158 passed[39m[22m[90m (165)[39m
[2m   Start at [22m 22:39:19
[2m   Duration [22m 3.17s[2m (transform 4.15s, setup 3.70s, import 11.50s, tests 2.20s, environment 35.28s)[22m

